[2026-09-01 15:23:30] 소재 9건 추가 (보유 4 → 13)
[2026-09-01 15:23:30]    + 트림 안 시키면 생기는 일
[2026-09-01 15:23:30]    + 아기 여권 만들기 — 준비물과 순서
[2026-09-01 15:23:30]    + 예방접종 일정 한눈에 정리
[2026-09-01 15:23:30]    + 이앓이 시작 신호와 달래는 법
[2026-09-01 15:23:30]    + 아이 의료비 지원, 놓치기 쉬운 것
[2026-09-01 15:23:30]    + “오늘 뭐 했어?”
[2026-09-01 15:23:30]    + 신생아 코막힘, 집에서 할 수 있는 것
[2026-09-01 15:23:30]    + 돌 지나면 분유 끊어야 하나요
[2026-09-01 15:23:30]    + 밤중에 자꾸 깨는 4개월 수면퇴행
[2026-09-01 15:24:10] 소재 12건 — 충분함 (기준 12)
[2026-09-01 15:24:26] 소재 12건 — 충분함 (기준 12)
[2026-09-01 18:00:00] 소재 1건 추가 (보유 11 → 12)
[2026-09-01 18:00:00]    + 신생아 황달, 언제 병원 가야 하나요
[2026-09-02 09:00:01] 소재 12건 — 충분함 (기준 12)
[2026-09-02 18:15:50] 소재 4건 추가 (보유 7 → 11)
[2026-09-02 18:15:50]    + [스티브 잡스가 자녀들 스마트폰 못 쓰게 한
[2026-09-02 18:15:50]    + 기어다니기 시작하면 집에서 치울 것
[2026-09-02 18:15:50]    + 어린이집 입소 대기 넣는 법
[2026-09-02 18:15:50]    + 아기 변 색깔로 보는 건강 신호
[2026-09-03 09:00:01] 소재 1건 추가 (보유 11 → 12)
[2026-09-03 09:00:01]    + 밥 안 먹는 아기, 억지로 먹이면 안 되는 이유
[2026-09-03 18:00:01] 소재 12건 — 충분함 (기준 12)
[2026-09-04 09:00:02] 소재 12건 — 충분함 (기준 12)
[2026-09-07 09:00:02] 소재 4건 추가 (보유 4 → 8)
[2026-09-07 09:00:02]    + 낮잠 몇 번까지 재워야 하나요
[2026-09-07 09:00:02]    + 과연 간호사선생님이 저한테 뭐라고 얘기했을까요
[2026-09-07 09:00:02]    + 아기 손싸개 언제까지 씌우나요
[2026-09-07 09:00:02]    + 1편 침대종류에 이어 2,3편은 인기 제품 소개로 가져왔어요!️
[2026-09-07 09:01:07] 소재 4건 추가 (보유 8 → 12)
[2026-09-07 09:01:07]    + 말은 안 해도 서로 통하는…
[2026-09-07 09:01:07]    + 배꼽 소독 언제까지 하나요
[2026-09-07 09:01:07]    + 아기 열성경련, 그 순간 해야 할 것
[2026-09-07 09:01:07]    + 진통 시작 신호와 병원 가는 타이밍
[2026-09-07 15:54:03] 소재 5건 추가 (보유 7 → 12)
[2026-09-07 15:54:03]    + 잡고 서기 시작하면 확인할 것
[2026-09-07 15:54:03]    + 출산 후 첫 배변이 무서운 이유
[2026-09-07 15:54:03]    + 초유가 안 나와도 괜찮은 이유
[2026-09-07 15:54:03]    + 침대에서 떨어졌을 때 관찰할 것
[2026-09-07 15:54:03]    + 아이 실비보험 가입 시기
[2026-09-08 09:12:00] 소재 12건 — 충분함 (기준 12)
