[2026-08-25 16:06:06] 발행 대상 없음
[2026-08-25 16:07:05] 발행 대상 없음
[2026-08-25 16:12:05] 발행 대상 없음
[2026-08-25 16:17:05] 발행 대상 없음
[2026-08-25 16:22:05] 발행 대상 없음
[2026-08-25 16:27:05] 발행 대상 없음
[2026-08-25 16:32:05] 발행 대상 없음
[2026-08-25 16:37:05] 발행 대상 없음
[2026-08-25 16:42:05] 발행 대상 없음
[2026-08-25 16:47:05] 발행 대상 없음
[2026-08-25 16:52:05] 발행 대상 없음
[2026-08-25 16:57:05] 발행 대상 없음
[2026-08-25 17:02:05] 발행 대상 없음
[2026-08-25 17:07:43] 실행 실패: <urlopen error [Errno 11001] getaddrinfo failed>
[2026-08-25 17:12:05] 발행 대상 없음
[2026-08-25 17:17:05] 발행 대상 없음
[2026-08-25 17:22:05] 발행 대상 없음
[2026-08-25 17:27:05] 발행 대상 없음
[2026-08-25 17:32:05] 발행 대상 없음
[2026-08-25 17:37:05] 발행 대상 없음
[2026-08-25 17:42:05] 발행 대상 없음
[2026-08-25 17:47:05] 발행 대상 없음
[2026-08-25 17:52:05] 발행 대상 없음
[2026-08-25 17:57:05] 발행 대상 없음
[2026-08-25 18:02:05] 발행 대상 없음
[2026-08-25 18:07:05] 발행 대상 없음
[2026-08-25 18:16:43] 발행 대상 없음
[2026-08-25 18:17:05] 발행 대상 없음
[2026-08-25 18:22:05] 발행 대상 없음
[2026-08-25 18:27:05] 발행 대상 없음
[2026-08-25 18:32:05] 발행 대상 없음
[2026-08-25 18:37:05] 발행 대상 없음
[2026-08-25 18:42:05] 발행 대상 없음
[2026-08-25 18:47:05] 발행 대상 없음
[2026-08-25 18:52:05] 발행 대상 없음
[2026-08-25 18:57:05] 발행 대상 없음
[2026-08-25 19:02:05] 발행 대상 없음
[2026-08-25 19:07:05] 발행 대상 없음
[2026-08-25 19:12:06] 발행 대상 없음
[2026-08-25 19:17:05] 실행 실패: <urlopen error [Errno 11001] getaddrinfo failed>
[2026-08-25 19:22:05] 발행 대상 없음
[2026-08-25 19:27:05] 발행 대상 없음
[2026-08-25 19:32:05] 발행 대상 없음
[2026-08-25 19:37:05] 발행 대상 없음
[2026-08-25 19:42:05] 발행 대상 없음
[2026-08-25 19:47:05] 발행 대상 없음
[2026-08-25 19:52:06] 발행 대상 없음
[2026-08-25 19:57:06] 발행 대상 없음
[2026-08-25 20:02:05] 발행 대상 없음
[2026-08-25 20:07:05] 발행 대상 없음
[2026-08-25 20:12:05] 발행 대상 없음
[2026-08-25 20:17:06] 발행 대상 없음
[2026-08-25 20:22:06] 발행 대상 없음
[2026-08-25 20:27:06] 발행 대상 없음
[2026-08-25 20:32:06] ▶ 새벽수유는 언제까지 하나요?
[2026-08-25 20:32:47]    ✓ https://www.instagram.com/p/DcdicFlEtbu/
[2026-08-25 20:32:47]    대시보드 반영 완료
[2026-08-25 20:37:06] 발행 대상 없음
[2026-08-25 20:42:06] 발행 대상 없음
[2026-08-25 20:47:06] 발행 대상 없음
[2026-08-25 20:52:06] 발행 대상 없음
